1.Write a C program.

#include<stdio.h>
#include<math.h>

int main()
{
printf(“%.17g”,cos(0.5));
return 0;
}

gcc -o test test.c

2. check dynamic libraries:
$ ldd test
linux-vdso.so.1 =>  (0x00007ffc2e277000)
libc.so.6 => /lib64/libc.so.6 (0x00007fca788cb000)
/lib64/ld-linux-x86-64.so.2 (0x00007fca78cb4000)

3.check system calls 
$ strace ./test
execve("./test", ["./test"], [/* 32 vars */]) = 0
brk(0)                                  = 0x1d6a000
mmap(NULL, 4096, PROT_READ|PROT_WRITE, MAP_PRIVATE|MAP_ANONYMOUS, -1, 0) = 0x7fdc9da1a000
access("/etc/ld.so.preload", R_OK)      = -1 ENOENT (No such file or directory)
open("/etc/ld.so.cache", O_RDONLY|O_CLOEXEC) = 3
fstat(3, {st_mode=S_IFREG|0644, st_size=147787, ...}) = 0
mmap(NULL, 147787, PROT_READ, MAP_PRIVATE, 3, 0) = 0x7fdc9d9f5000
close(3)                                = 0
open("/lib64/libc.so.6", O_RDONLY|O_CLOEXEC) = 3
read(3, "\177ELF\2\1\1\3\0\0\0\0\0\0\0\0\3\0>\0\1\0\0\0@\34\2\0\0\0\0\0"..., 832) = 832
fstat(3, {st_mode=S_IFREG|0755, st_size=2118128, ...}) = 0
mmap(NULL, 3932672, PROT_READ|PROT_EXEC, MAP_PRIVATE|MAP_DENYWRITE, 3, 0) = 0x7fdc9d43b000
mprotect(0x7fdc9d5f1000, 2097152, PROT_NONE) = 0
mmap(0x7fdc9d7f1000, 24576, PROT_READ|PROT_WRITE, MAP_PRIVATE|MAP_FIXED|MAP_DENYWRITE, 3, 0x1b6000) = 0x7fdc9d7f1000
mmap(0x7fdc9d7f7000, 16896, PROT_READ|PROT_WRITE, MAP_PRIVATE|MAP_FIXED|MAP_ANONYMOUS, -1, 0) = 0x7fdc9d7f7000
close(3)                                = 0
mmap(NULL, 4096, PROT_READ|PROT_WRITE, MAP_PRIVATE|MAP_ANONYMOUS, -1, 0) = 0x7fdc9d9f4000
mmap(NULL, 8192, PROT_READ|PROT_WRITE, MAP_PRIVATE|MAP_ANONYMOUS, -1, 0) = 0x7fdc9d9f2000
arch_prctl(ARCH_SET_FS, 0x7fdc9d9f2740) = 0
mprotect(0x7fdc9d7f1000, 16384, PROT_READ) = 0
mprotect(0x600000, 4096, PROT_READ)     = 0
mprotect(0x7fdc9da1b000, 4096, PROT_READ) = 0
munmap(0x7fdc9d9f5000, 147787)          = 0
fstat(1, {st_mode=S_IFCHR|0620, st_rdev=makedev(136, 24), ...}) = 0
mmap(NULL, 4096, PROT_READ|PROT_WRITE, MAP_PRIVATE|MAP_ANONYMOUS, -1, 0) = 0x7fdc9da19000
write(1, "0.87758256189037276", 190.87758256189037276)     = 19
exit_group(0)                           = ?
+++ exited with 0 +++

Related to dynamic linking 

the sys calls the dynamic linker:
access("/etc/ld.so.preload", R_OK)      = -1 ENOENT (No such file or directory)
open("/etc/ld.so.cache", O_RDONLY|O_CLOEXEC) = 3
fstat(3, {st_mode=S_IFREG|0644, st_size=147787, ...}) = 0
mmap(NULL, 147787, PROT_READ, MAP_PRIVATE, 3, 0) = 0x7fdc9d9f5000
close(3)                            

the linker loads libc.so.6:

open("/lib64/libc.so.6", O_RDONLY|O_CLOEXEC) = 3
read(3, "\177ELF\2\1\1\3\0\0\0\0\0\0\0\0\3\0>\0\1\0\0\0@\34\2\0\0\0\0\0"..., 832) = 832
fstat(3, {st_mode=S_IFREG|0755, st_size=2118128, ...}) = 0
mmap(NULL, 3932672, PROT_READ|PROT_EXEC, MAP_PRIVATE|MAP_DENYWRITE, 3, 0) = 0x7fdc9d43b000
mprotect(0x7fdc9d5f1000, 2097152, PROT_NONE) = 0
mmap(0x7fdc9d7f1000, 24576, PROT_READ|PROT_WRITE, MAP_PRIVATE|MAP_FIXED|MAP_DENYWRITE, 3, 0x1b6000) = 0x7fdc9d7f1000
mmap(0x7fdc9d7f7000, 16896, PROT_READ|PROT_WRITE, MAP_PRIVATE|MAP_FIXED|MAP_ANONYMOUS, -1, 0) = 0x7fdc9d7f7000
close(3)                           

the loaded ‘stdio library writes the result out:

write(1, "0.87758256189037276", 190.87758256189037276)     = 19

4. Commands to investigate
$ ls /usr/bin | awk ‘NR%101==704439324%101’

5.investigate why error messages are occurring:
$ /usr/bin 

$ ldd alsatplg
	linux-vdso.so.1 =>  (0x00007fff8f7a3000)
	libasound.so.2 => /lib64/libasound.so.2 (0x00007f2e32956000)
	libm.so.6 => /lib64/libm.so.6 (0x00007f2e32654000)
	libdl.so.2 => /lib64/libdl.so.2 (0x00007f2e3244f000)
	libpthread.so.0 => /lib64/libpthread.so.0 (0x00007f2e32233000)
	libc.so.6 => /lib64/libc.so.6 (0x00007f2e31e72000)
	librt.so.1 => /lib64/librt.so.1 (0x00007f2e31c69000)
	/lib64/ld-linux-x86-64.so.2 (0x00007f2e32c74000)

$ ldd catchsegv
	not a dynamic executable

$ ldd create-jar-links
	not a dynamic executable

$ ldd docbook2html
	not a dynamic executable

$ ldd fc-match
	linux-vdso.so.1 =>  (0x00007ffd843c9000)
	libfontconfig.so.1 => /lib64/libfontconfig.so.1 (0x00007f72b8a02000)
	libfreetype.so.6 => /lib64/libfreetype.so.6 (0x00007f72b875c000)
	libexpat.so.1 => /lib64/libexpat.so.1 (0x00007f72b8531000)
	libpthread.so.0 => /lib64/libpthread.so.0 (0x00007f72b8315000)
	libc.so.6 => /lib64/libc.so.6 (0x00007f72b7f54000)
	/lib64/ld-linux-x86-64.so.2 (0x00007f72b8c65000)

$ ldd gimp-console-2.8
	linux-vdso.so.1 =>  (0x00007ffcc79eb000)
	libgimpconfig-2.0.so.0 => /lib64/libgimpconfig-2.0.so.0 (0x00007f1f00168000)
	libgimpmath-2.0.so.0 => /lib64/libgimpmath-2.0.so.0 (0x00007f1efff62000)
	libgimpthumb-2.0.so.0 => /lib64/libgimpthumb-2.0.so.0 (0x00007f1effd57000)
	libgimpcolor-2.0.so.0 => /lib64/libgimpcolor-2.0.so.0 (0x00007f1effb4a000)
	libgimpmodule-2.0.so.0 => /lib64/libgimpmodule-2.0.so.0 (0x00007f1eff945000)
	libgimpbase-2.0.so.0 => /lib64/libgimpbase-2.0.so.0 (0x00007f1eff72a000)
	libgdk_pixbuf-2.0.so.0 => /lib64/libgdk_pixbuf-2.0.so.0 (0x00007f1eff504000)
	libpangocairo-1.0.so.0 => /lib64/libpangocairo-1.0.so.0 (0x00007f1eff2f7000)
	libpangoft2-1.0.so.0 => /lib64/libpangoft2-1.0.so.0 (0x00007f1eff0e1000)
	libpango-1.0.so.0 => /lib64/libpango-1.0.so.0 (0x00007f1efee96000)
	libfontconfig.so.1 => /lib64/libfontconfig.so.1 (0x00007f1efec59000)
	libfreetype.so.6 => /lib64/libfreetype.so.6 (0x00007f1efe9b2000)
	libcairo.so.2 => /lib64/libcairo.so.2 (0x00007f1efe68b000)
	libgegl-0.2.so.0 => /lib64/libgegl-0.2.so.0 (0x00007f1efe41c000)
	libgmodule-2.0.so.0 => /lib64/libgmodule-2.0.so.0 (0x00007f1efe217000)
	libgio-2.0.so.0 => /lib64/libgio-2.0.so.0 (0x00007f1efde97000)
	libbabl-0.1.so.0 => /lib64/libbabl-0.1.so.0 (0x00007f1efdc59000)
	libgobject-2.0.so.0 => /lib64/libgobject-2.0.so.0 (0x00007f1efda08000)
	libgthread-2.0.so.0 => /lib64/libgthread-2.0.so.0 (0x00007f1efd806000)
	libglib-2.0.so.0 => /lib64/libglib-2.0.so.0 (0x00007f1efd4cf000)
	libm.so.6 => /lib64/libm.so.6 (0x00007f1efd1cc000)
	libpthread.so.0 => /lib64/libpthread.so.0 (0x00007f1efcfb0000)
	libc.so.6 => /lib64/libc.so.6 (0x00007f1efcbef000)
	libpng15.so.15 => /lib64/libpng15.so.15 (0x00007f1efc9c3000)
	libharfbuzz.so.0 => /lib64/libharfbuzz.so.0 (0x00007f1efc76a000)
	libexpat.so.1 => /lib64/libexpat.so.1 (0x00007f1efc53f000)
	libpixman-1.so.0 => /lib64/libpixman-1.so.0 (0x00007f1efc296000)
	libEGL.so.1 => /lib64/libEGL.so.1 (0x00007f1efc06b000)
	libdl.so.2 => /lib64/libdl.so.2 (0x00007f1efbe66000)
	libxcb-shm.so.0 => /lib64/libxcb-shm.so.0 (0x00007f1efbc62000)
	libxcb-render.so.0 => /lib64/libxcb-render.so.0 (0x00007f1efba58000)
	libxcb.so.1 => /lib64/libxcb.so.1 (0x00007f1efb835000)
	libXrender.so.1 => /lib64/libXrender.so.1 (0x00007f1efb62b000)
	libX11.so.6 => /lib64/libX11.so.6 (0x00007f1efb2ed000)
	libXext.so.6 => /lib64/libXext.so.6 (0x00007f1efb0da000)
	libz.so.1 => /lib64/libz.so.1 (0x00007f1efaec4000)
	libGL.so.1 => /lib64/libGL.so.1 (0x00007f1efac54000)
	librt.so.1 => /lib64/librt.so.1 (0x00007f1efaa4b000)
	libgcc_s.so.1 => /lib64/libgcc_s.so.1 (0x00007f1efa835000)
	libffi.so.6 => /lib64/libffi.so.6 (0x00007f1efa62c000)
	libselinux.so.1 => /lib64/libselinux.so.1 (0x00007f1efa405000)
	libresolv.so.2 => /lib64/libresolv.so.2 (0x00007f1efa1eb000)
	/lib64/ld-linux-x86-64.so.2 (0x00007f1f008e7000)
	libgraphite2.so.3 => /lib64/libgraphite2.so.3 (0x00007f1ef9fbd000)
	libX11-xcb.so.1 => /lib64/libX11-xcb.so.1 (0x00007f1ef9dbb000)
	libxcb-dri2.so.0 => /lib64/libxcb-dri2.so.0 (0x00007f1ef9bb5000)
	libxcb-dri3.so.0 => /lib64/libxcb-dri3.so.0 (0x00007f1ef99b2000)
	libxcb-present.so.0 => /lib64/libxcb-present.so.0 (0x00007f1ef97af000)
	libxcb-randr.so.0 => /lib64/libxcb-randr.so.0 (0x00007f1ef95a0000)
	libxcb-xfixes.so.0 => /lib64/libxcb-xfixes.so.0 (0x00007f1ef9398000)
	libxcb-shape.so.0 => /lib64/libxcb-shape.so.0 (0x00007f1ef9194000)
	libxcb-sync.so.1 => /lib64/libxcb-sync.so.1 (0x00007f1ef8f8c000)
	libxshmfence.so.1 => /lib64/libxshmfence.so.1 (0x00007f1ef8d8a000)
	libgbm.so.1 => /lib64/libgbm.so.1 (0x00007f1ef8b7e000)
	libdrm.so.2 => /lib64/libdrm.so.2 (0x00007f1ef896e000)
	libXau.so.6 => /lib64/libXau.so.6 (0x00007f1ef876a000)
	libglapi.so.0 => /lib64/libglapi.so.0 (0x00007f1ef853a000)
	libXdamage.so.1 => /lib64/libXdamage.so.1 (0x00007f1ef8337000)
	libXfixes.so.3 => /lib64/libXfixes.so.3 (0x00007f1ef8131000)
	libxcb-glx.so.0 => /lib64/libxcb-glx.so.0 (0x00007f1ef7f16000)
	libXxf86vm.so.1 => /lib64/libXxf86vm.so.1 (0x00007f1ef7d10000)
	libpcre.so.1 => /lib64/libpcre.so.1 (0x00007f1ef7aae000)

$ ldd gst-feedback
	linux-vdso.so.1 =>  (0x00007fff4055d000)
	libglib-2.0.so.0 => /lib64/libglib-2.0.so.0 (0x00007f33d1c7e000)
	libdl.so.2 => /lib64/libdl.so.2 (0x00007f33d1a7a000)
	libc.so.6 => /lib64/libc.so.6 (0x00007f33d16b8000)
	libpthread.so.0 => /lib64/libpthread.so.0 (0x00007f33d149c000)
	/lib64/ld-linux-x86-64.so.2 (0x00007f33d1fdb000)

$ ldd hwloc-compress-dir
	not a dynamic executable

$ ldd java
	linux-vdso.so.1 =>  (0x00007ffd5c271000)
	libpthread.so.0 => /lib64/libpthread.so.0 (0x00007fa2cfe8e000)
	libz.so.1 => /lib64/libz.so.1 (0x00007fa2cfc77000)
	libjli.so => not found
	libdl.so.2 => /lib64/libdl.so.2 (0x00007fa2cfa73000)
	libc.so.6 => /lib64/libc.so.6 (0x00007fa2cf6b1000)
	/lib64/ld-linux-x86-64.so.2 (0x00007fa2d00d0000)

$ ldd kleopatra
	linux-vdso.so.1 =>  (0x00007ffe241ac000)
	libkleo.so.4 => /lib64/libkleo.so.4 (0x00007fdb9ea8c000)
	libqgpgme.so.1 => /lib64/libqgpgme.so.1 (0x00007fdb9e885000)
	libgpgme++-pthread.so.2 => /lib64/libgpgme++-pthread.so.2 (0x00007fdb9e631000)
	libgpgme-pthread.so.11 => /lib64/libgpgme-pthread.so.11 (0x00007fdb9e3fe000)
	libgpg-error.so.0 => /lib64/libgpg-error.so.0 (0x00007fdb9e1f9000)
	libkdeui.so.5 => /lib64/libkdeui.so.5 (0x00007fdb9db71000)
	libkmime.so.4 => /lib64/libkmime.so.4 (0x00007fdb9d8ee000)
	libkcmutils.so.4 => /lib64/libkcmutils.so.4 (0x00007fdb9d6ad000)
	libassuan.so.0 => /lib64/libassuan.so.0 (0x00007fdb9d49b000)
	libkdepim.so.4 => /lib64/libkdepim.so.4 (0x00007fdb9d1dc000)
	libQtNetwork.so.4 => /lib64/libQtNetwork.so.4 (0x00007fdb9ce96000)
	libkldap.so.4 => /lib64/libkldap.so.4 (0x00007fdb9cc5c000)
	libkpimidentities.so.4 => /lib64/libkpimidentities.so.4 (0x00007fdb9ca30000)
	libkpimtextedit.so.4 => /lib64/libkpimtextedit.so.4 (0x00007fdb9c804000)
	libakonadi-contact.so.4 => /lib64/libakonadi-contact.so.4 (0x00007fdb9c50e000)
	libkabc.so.4 => /lib64/libkabc.so.4 (0x00007fdb9c26e000)
	libkresources.so.4 => /lib64/libkresources.so.4 (0x00007fdb9c049000)
	libkpimutils.so.4 => /lib64/libkpimutils.so.4 (0x00007fdb9be32000)
	libakonadi-kde.so.4 => /lib64/libakonadi-kde.so.4 (0x00007fdb9b9cb000)
	libkcalcore.so.4 => /lib64/libkcalcore.so.4 (0x00007fdb9b705000)
	libkio.so.5 => /lib64/libkio.so.5 (0x00007fdb9b23a000)
	libQtXml.so.4 => /lib64/libQtXml.so.4 (0x00007fdb9aff6000)
	libphonon.so.4 => /lib64/libphonon.so.4 (0x00007fdb9ad7e000)
	libnepomukcore.so.4 => /lib64/libnepomukcore.so.4 (0x00007fdb9aa75000)
	libQtGui.so.4 => /lib64/libQtGui.so.4 (0x00007fdb99d9a000)
	libQtSvg.so.4 => /lib64/libQtSvg.so.4 (0x00007fdb99b42000)
	libkdecore.so.5 => /lib64/libkdecore.so.5 (0x00007fdb9965d000)
	libQtDBus.so.4 => /lib64/libQtDBus.so.4 (0x00007fdb993df000)
	libQtCore.so.4 => /lib64/libQtCore.so.4 (0x00007fdb98ef4000)
	libpthread.so.0 => /lib64/libpthread.so.0 (0x00007fdb98cd7000)
	libsoprano.so.4 => /lib64/libsoprano.so.4 (0x00007fdb989ea000)
	libstdc++.so.6 => /lib64/libstdc++.so.6 (0x00007fdb986e2000)
	libm.so.6 => /lib64/libm.so.6 (0x00007fdb983df000)
	libgcc_s.so.1 => /lib64/libgcc_s.so.1 (0x00007fdb981c9000)
	libc.so.6 => /lib64/libc.so.6 (0x00007fdb97e08000)
	/lib64/ld-linux-x86-64.so.2 (0x00007fdb9ee1c000)
	libSM.so.6 => /lib64/libSM.so.6 (0x00007fdb97bff000)
	libICE.so.6 => /lib64/libICE.so.6 (0x00007fdb979e3000)
	libX11.so.6 => /lib64/libX11.so.6 (0x00007fdb976a5000)
	libXext.so.6 => /lib64/libXext.so.6 (0x00007fdb97492000)
	libXft.so.2 => /lib64/libXft.so.2 (0x00007fdb9727c000)
	libXau.so.6 => /lib64/libXau.so.6 (0x00007fdb97078000)
	libXpm.so.4 => /lib64/libXpm.so.4 (0x00007fdb96e65000)
	libqca.so.2 => /lib64/libqca.so.2 (0x00007fdb96b4d000)
	libattica.so.0.4 => /lib64/libattica.so.0.4 (0x00007fdb96853000)
	libdbusmenu-qt.so.2 => /lib64/libdbusmenu-qt.so.2 (0x00007fdb96621000)
	libXtst.so.6 => /lib64/libXtst.so.6 (0x00007fdb9641b000)
	libXcursor.so.1 => /lib64/libXcursor.so.1 (0x00007fdb96210000)
	libXfixes.so.3 => /lib64/libXfixes.so.3 (0x00007fdb96009000)
	libXrender.so.1 => /lib64/libXrender.so.1 (0x00007fdb95dff000)
	libsolid.so.4 => /lib64/libsolid.so.4 (0x00007fdb95af8000)
	libz.so.1 => /lib64/libz.so.1 (0x00007fdb958e2000)
	libssl.so.10 => /lib64/libssl.so.10 (0x00007fdb95673000)
	libcrypto.so.10 => /lib64/libcrypto.so.10 (0x00007fdb95289000)
	libldap-2.4.so.2 => /lib64/libldap-2.4.so.2 (0x00007fdb95036000)
	liblber-2.4.so.2 => /lib64/liblber-2.4.so.2 (0x00007fdb94e26000)
	libsasl2.so.3 => /lib64/libsasl2.so.3 (0x00007fdb94c09000)
	libkemoticons.so.4 => /lib64/libkemoticons.so.4 (0x00007fdb949f7000)
	libQtSql.so.4 => /lib64/libQtSql.so.4 (0x00007fdb947b7000)
	libakonadiprotocolinternals.so.1 => /lib64/libakonadiprotocolinternals.so.1 (0x00007fdb9459b000)
	libical.so.1 => /lib64/libical.so.1 (0x00007fdb94333000)
	libicalss.so.1 => /lib64/libicalss.so.1 (0x00007fdb9411a000)
	libuuid.so.1 => /lib64/libuuid.so.1 (0x00007fdb93f14000)
	libnepomuk.so.4 => /lib64/libnepomuk.so.4 (0x00007fdb93c41000)
	libnepomukquery.so.4 => /lib64/libnepomukquery.so.4 (0x00007fdb939f7000)
	libnepomukutils.so.4 => /lib64/libnepomukutils.so.4 (0x00007fdb937b9000)
	libstreamanalyzer.so.0 => /lib64/libstreamanalyzer.so.0 (0x00007fdb93536000)
	libstreams.so.0 => /lib64/libstreams.so.0 (0x00007fdb932fd000)
	libacl.so.1 => /lib64/libacl.so.1 (0x00007fdb930f3000)
	libattr.so.1 => /lib64/libattr.so.1 (0x00007fdb92eee000)
	libpulse.so.0 => /lib64/libpulse.so.0 (0x00007fdb92ca0000)
	libpulse-mainloop-glib.so.0 => /lib64/libpulse-mainloop-glib.so.0 (0x00007fdb92a9b000)
	libsopranoclient.so.1 => /lib64/libsopranoclient.so.1 (0x00007fdb9284f000)
	libgthread-2.0.so.0 => /lib64/libgthread-2.0.so.0 (0x00007fdb9264c000)
	libglib-2.0.so.0 => /lib64/libglib-2.0.so.0 (0x00007fdb92315000)
	libpng15.so.15 => /lib64/libpng15.so.15 (0x00007fdb920ea000)
	libfreetype.so.6 => /lib64/libfreetype.so.6 (0x00007fdb91e43000)
	libgobject-2.0.so.0 => /lib64/libgobject-2.0.so.0 (0x00007fdb91bf3000)
	libXi.so.6 => /lib64/libXi.so.6 (0x00007fdb919e3000)
	libXrandr.so.2 => /lib64/libXrandr.so.2 (0x00007fdb917d8000)
	libXinerama.so.1 => /lib64/libXinerama.so.1 (0x00007fdb915d5000)
	libfontconfig.so.1 => /lib64/libfontconfig.so.1 (0x00007fdb91398000)
	libbz2.so.1 => /lib64/libbz2.so.1 (0x00007fdb91187000)
	liblzma.so.5 => /lib64/liblzma.so.5 (0x00007fdb90f61000)
	libresolv.so.2 => /lib64/libresolv.so.2 (0x00007fdb90d47000)
	libfam.so.0 => /lib64/libfam.so.0 (0x00007fdb90b3e000)
	libdbus-1.so.3 => /lib64/libdbus-1.so.3 (0x00007fdb908f6000)
	libdl.so.2 => /lib64/libdl.so.2 (0x00007fdb906f2000)
	librt.so.1 => /lib64/librt.so.1 (0x00007fdb904e9000)
	libxcb.so.1 => /lib64/libxcb.so.1 (0x00007fdb902c7000)
	libudev.so.1 => /lib64/libudev.so.1 (0x00007fdb902b1000)
	libgssapi_krb5.so.2 => /lib64/libgssapi_krb5.so.2 (0x00007fdb90063000)
	libkrb5.so.3 => /lib64/libkrb5.so.3 (0x00007fdb8fd7c000)
	libcom_err.so.2 => /lib64/libcom_err.so.2 (0x00007fdb8fb77000)
	libk5crypto.so.3 => /lib64/libk5crypto.so.3 (0x00007fdb8f945000)
	libssl3.so => /lib64/libssl3.so (0x00007fdb8f702000)
	libsmime3.so => /lib64/libsmime3.so (0x00007fdb8f4da000)
	libnss3.so => /lib64/libnss3.so (0x00007fdb8f1b4000)
	libnssutil3.so => /lib64/libnssutil3.so (0x00007fdb8ef88000)
	libplds4.so => /lib64/libplds4.so (0x00007fdb8ed83000)
	libplc4.so => /lib64/libplc4.so (0x00007fdb8eb7e000)
	libnspr4.so => /lib64/libnspr4.so (0x00007fdb8e940000)
	libcrypt.so.1 => /lib64/libcrypt.so.1 (0x00007fdb8e708000)
	libxml2.so.2 => /lib64/libxml2.so.2 (0x00007fdb8e39e000)
	libjson-c.so.2 => /lib64/libjson-c.so.2 (0x00007fdb8e192000)
	libpulsecommon-6.0.so => /usr/lib64/pulseaudio/libpulsecommon-6.0.so (0x00007fdb8df19000)
	libcap.so.2 => /lib64/libcap.so.2 (0x00007fdb8dd14000)
	libffi.so.6 => /lib64/libffi.so.6 (0x00007fdb8db0b000)
	libexpat.so.1 => /lib64/libexpat.so.1 (0x00007fdb8d8e1000)
	libdw.so.1 => /lib64/libdw.so.1 (0x00007fdb8d698000)
	libkrb5support.so.0 => /lib64/libkrb5support.so.0 (0x00007fdb8d489000)
	libkeyutils.so.1 => /lib64/libkeyutils.so.1 (0x00007fdb8d285000)
	libfreebl3.so => /lib64/libfreebl3.so (0x00007fdb8d081000)
	libX11-xcb.so.1 => /lib64/libX11-xcb.so.1 (0x00007fdb8ce7f000)
	libsystemd.so.0 => /lib64/libsystemd.so.0 (0x00007fdb8ce56000)
	libwrap.so.0 => /lib64/libwrap.so.0 (0x00007fdb8cc4b000)
	libsndfile.so.1 => /lib64/libsndfile.so.1 (0x00007fdb8c9ec000)
	libasyncns.so.0 => /lib64/libasyncns.so.0 (0x00007fdb8c7e5000)
	libelf.so.1 => /lib64/libelf.so.1 (0x00007fdb8c5cd000)
	libselinux.so.1 => /lib64/libselinux.so.1 (0x00007fdb8c3a5000)
	libgcrypt.so.11 => /lib64/libgcrypt.so.11 (0x00007fdb8c124000)
	libnsl.so.1 => /lib64/libnsl.so.1 (0x00007fdb8bf0a000)
	libgsm.so.1 => /lib64/libgsm.so.1 (0x00007fdb8bcfe000)
	libFLAC.so.8 => /lib64/libFLAC.so.8 (0x00007fdb8bab9000)
	libvorbisenc.so.2 => /lib64/libvorbisenc.so.2 (0x00007fdb8b5e9000)
	libvorbis.so.0 => /lib64/libvorbis.so.0 (0x00007fdb8b3bb000)
	libogg.so.0 => /lib64/libogg.so.0 (0x00007fdb8b1b4000)
	libpcre.so.1 => /lib64/libpcre.so.1 (0x00007fdb8af52000)

$ ldd ldns-test-edns
	linux-vdso.so.1 =>  (0x00007ffd5df87000)
	libpcap.so.1 => /lib64/libpcap.so.1 (0x00007f7a4cc3e000)
	libldns.so.1 => /lib64/libldns.so.1 (0x00007f7a4c9e5000)
	libc.so.6 => /lib64/libc.so.6 (0x00007f7a4c623000)
	libcrypto.so.10 => /lib64/libcrypto.so.10 (0x00007f7a4c239000)
	libdl.so.2 => /lib64/libdl.so.2 (0x00007f7a4c035000)
	/lib64/ld-linux-x86-64.so.2 (0x00007f7a4cea5000)
	libz.so.1 => /lib64/libz.so.1 (0x00007f7a4be1e000)

$ ldd mailx
	linux-vdso.so.1 =>  (0x00007ffdea59a000)
	libgssapi_krb5.so.2 => /lib64/libgssapi_krb5.so.2 (0x00007fd97793a000)
	libsmime3.so => /lib64/libsmime3.so (0x00007fd977713000)
	libnss3.so => /lib64/libnss3.so (0x00007fd9773ec000)
	libssl3.so => /lib64/libssl3.so (0x00007fd9771a9000)
	libnspr4.so => /lib64/libnspr4.so (0x00007fd976f6b000)
	libplc4.so => /lib64/libplc4.so (0x00007fd976d65000)
	libc.so.6 => /lib64/libc.so.6 (0x00007fd9769a4000)
	libkrb5.so.3 => /lib64/libkrb5.so.3 (0x00007fd9766bd000)
	libk5crypto.so.3 => /lib64/libk5crypto.so.3 (0x00007fd97648a000)
	libcom_err.so.2 => /lib64/libcom_err.so.2 (0x00007fd976286000)
	libkrb5support.so.0 => /lib64/libkrb5support.so.0 (0x00007fd976077000)
	libdl.so.2 => /lib64/libdl.so.2 (0x00007fd975e72000)
	libkeyutils.so.1 => /lib64/libkeyutils.so.1 (0x00007fd975c6e000)
	libresolv.so.2 => /lib64/libresolv.so.2 (0x00007fd975a54000)
	libnssutil3.so => /lib64/libnssutil3.so (0x00007fd975827000)
	libplds4.so => /lib64/libplds4.so (0x00007fd975623000)
	libpthread.so.0 => /lib64/libpthread.so.0 (0x00007fd975407000)
	libz.so.1 => /lib64/libz.so.1 (0x00007fd9751f0000)
	librt.so.1 => /lib64/librt.so.1 (0x00007fd974fe8000)
	/lib64/ld-linux-x86-64.so.2 (0x00007fd977bae000)
	libselinux.so.1 => /lib64/libselinux.so.1 (0x00007fd974dc0000)
	libpcre.so.1 => /lib64/libpcre.so.1 (0x00007fd974b5f000)

$ ldd nepomukbackup
	linux-vdso.so.1 =>  (0x00007fff14761000)
	libkdeui.so.5 => /lib64/libkdeui.so.5 (0x00007fa8e5058000)
	libkio.so.5 => /lib64/libkio.so.5 (0x00007fa8e4b8e000)
	libsoprano.so.4 => /lib64/libsoprano.so.4 (0x00007fa8e48a0000)
	libnepomukcore.so.4 => /lib64/libnepomukcore.so.4 (0x00007fa8e4598000)
	libQtNetwork.so.4 => /lib64/libQtNetwork.so.4 (0x00007fa8e4252000)
	libQtXml.so.4 => /lib64/libQtXml.so.4 (0x00007fa8e400d000)
	libQtGui.so.4 => /lib64/libQtGui.so.4 (0x00007fa8e3332000)
	libQtSvg.so.4 => /lib64/libQtSvg.so.4 (0x00007fa8e30da000)
	libkdecore.so.5 => /lib64/libkdecore.so.5 (0x00007fa8e2bf5000)
	libQtDBus.so.4 => /lib64/libQtDBus.so.4 (0x00007fa8e2977000)
	libQtCore.so.4 => /lib64/libQtCore.so.4 (0x00007fa8e248c000)
	libpthread.so.0 => /lib64/libpthread.so.0 (0x00007fa8e226f000)
	libstdc++.so.6 => /lib64/libstdc++.so.6 (0x00007fa8e1f67000)
	libm.so.6 => /lib64/libm.so.6 (0x00007fa8e1c65000)
	libgcc_s.so.1 => /lib64/libgcc_s.so.1 (0x00007fa8e1a4e000)
	libc.so.6 => /lib64/libc.so.6 (0x00007fa8e168d000)
	libSM.so.6 => /lib64/libSM.so.6 (0x00007fa8e1485000)
	libICE.so.6 => /lib64/libICE.so.6 (0x00007fa8e1268000)
	libX11.so.6 => /lib64/libX11.so.6 (0x00007fa8e0f2a000)
	libXext.so.6 => /lib64/libXext.so.6 (0x00007fa8e0d18000)
	libXft.so.2 => /lib64/libXft.so.2 (0x00007fa8e0b01000)
	libXau.so.6 => /lib64/libXau.so.6 (0x00007fa8e08fd000)
	libXpm.so.4 => /lib64/libXpm.so.4 (0x00007fa8e06eb000)
	libqca.so.2 => /lib64/libqca.so.2 (0x00007fa8e03d2000)
	libattica.so.0.4 => /lib64/libattica.so.0.4 (0x00007fa8e00d8000)
	libdbusmenu-qt.so.2 => /lib64/libdbusmenu-qt.so.2 (0x00007fa8dfea7000)
	libXtst.so.6 => /lib64/libXtst.so.6 (0x00007fa8dfca0000)
	libXcursor.so.1 => /lib64/libXcursor.so.1 (0x00007fa8dfa95000)
	libXfixes.so.3 => /lib64/libXfixes.so.3 (0x00007fa8df88f000)
	libXrender.so.1 => /lib64/libXrender.so.1 (0x00007fa8df684000)
	libnepomuk.so.4 => /lib64/libnepomuk.so.4 (0x00007fa8df3b1000)
	libnepomukquery.so.4 => /lib64/libnepomukquery.so.4 (0x00007fa8df166000)
	libnepomukutils.so.4 => /lib64/libnepomukutils.so.4 (0x00007fa8def29000)
	libz.so.1 => /lib64/libz.so.1 (0x00007fa8ded13000)
	libstreamanalyzer.so.0 => /lib64/libstreamanalyzer.so.0 (0x00007fa8dea90000)
	libstreams.so.0 => /lib64/libstreams.so.0 (0x00007fa8de856000)
	libsolid.so.4 => /lib64/libsolid.so.4 (0x00007fa8de550000)
	libacl.so.1 => /lib64/libacl.so.1 (0x00007fa8de347000)
	libattr.so.1 => /lib64/libattr.so.1 (0x00007fa8de141000)
	libsopranoclient.so.1 => /lib64/libsopranoclient.so.1 (0x00007fa8ddef5000)
	libssl.so.10 => /lib64/libssl.so.10 (0x00007fa8ddc86000)
	libcrypto.so.10 => /lib64/libcrypto.so.10 (0x00007fa8dd89c000)
	libgthread-2.0.so.0 => /lib64/libgthread-2.0.so.0 (0x00007fa8dd69a000)
	libglib-2.0.so.0 => /lib64/libglib-2.0.so.0 (0x00007fa8dd362000)
	libpng15.so.15 => /lib64/libpng15.so.15 (0x00007fa8dd137000)
	libfreetype.so.6 => /lib64/libfreetype.so.6 (0x00007fa8dce91000)
	libgobject-2.0.so.0 => /lib64/libgobject-2.0.so.0 (0x00007fa8dcc40000)
	libXi.so.6 => /lib64/libXi.so.6 (0x00007fa8dca30000)
	libXrandr.so.2 => /lib64/libXrandr.so.2 (0x00007fa8dc826000)
	libXinerama.so.1 => /lib64/libXinerama.so.1 (0x00007fa8dc622000)
	libfontconfig.so.1 => /lib64/libfontconfig.so.1 (0x00007fa8dc3e5000)
	libbz2.so.1 => /lib64/libbz2.so.1 (0x00007fa8dc1d4000)
	liblzma.so.5 => /lib64/liblzma.so.5 (0x00007fa8dbfae000)
	libresolv.so.2 => /lib64/libresolv.so.2 (0x00007fa8dbd94000)
	libfam.so.0 => /lib64/libfam.so.0 (0x00007fa8dbb8b000)
	libdbus-1.so.3 => /lib64/libdbus-1.so.3 (0x00007fa8db943000)
	libdl.so.2 => /lib64/libdl.so.2 (0x00007fa8db73f000)
	librt.so.1 => /lib64/librt.so.1 (0x00007fa8db536000)
	/lib64/ld-linux-x86-64.so.2 (0x00007fa8e5705000)
	libuuid.so.1 => /lib64/libuuid.so.1 (0x00007fa8db331000)
	libxcb.so.1 => /lib64/libxcb.so.1 (0x00007fa8db10e000)
	libxml2.so.2 => /lib64/libxml2.so.2 (0x00007fa8dada3000)
	libudev.so.1 => /lib64/libudev.so.1 (0x00007fa8dad8e000)
	libgssapi_krb5.so.2 => /lib64/libgssapi_krb5.so.2 (0x00007fa8dab3f000)
	libkrb5.so.3 => /lib64/libkrb5.so.3 (0x00007fa8da858000)
	libcom_err.so.2 => /lib64/libcom_err.so.2 (0x00007fa8da654000)
	libk5crypto.so.3 => /lib64/libk5crypto.so.3 (0x00007fa8da421000)
	libffi.so.6 => /lib64/libffi.so.6 (0x00007fa8da219000)
	libexpat.so.1 => /lib64/libexpat.so.1 (0x00007fa8d9fee000)
	libcap.so.2 => /lib64/libcap.so.2 (0x00007fa8d9de9000)
	libdw.so.1 => /lib64/libdw.so.1 (0x00007fa8d9ba0000)
	libkrb5support.so.0 => /lib64/libkrb5support.so.0 (0x00007fa8d9991000)
	libkeyutils.so.1 => /lib64/libkeyutils.so.1 (0x00007fa8d978d000)
	libelf.so.1 => /lib64/libelf.so.1 (0x00007fa8d9574000)
	libselinux.so.1 => /lib64/libselinux.so.1 (0x00007fa8d934d000)
	libpcre.so.1 => /lib64/libpcre.so.1 (0x00007fa8d90eb000)

$ ldd numastat
	linux-vdso.so.1 =>  (0x00007fff32d04000)
	libc.so.6 => /lib64/libc.so.6 (0x00007fbc78ddb000)
	/lib64/ld-linux-x86-64.so.2 (0x00007fbc791c2000)

$ ldd pdf2ps
	not a dynamic executable

$ ldd pmloglabel
	linux-vdso.so.1 =>  (0x00007ffed89d2000)
	libpcp.so.3 => /lib64/libpcp.so.3 (0x00007f754a86a000)
	libc.so.6 => /lib64/libc.so.6 (0x00007f754a4a9000)
	libssl3.so => /lib64/libssl3.so (0x00007f754a265000)
	libnss3.so => /lib64/libnss3.so (0x00007f7549f3f000)
	libnspr4.so => /lib64/libnspr4.so (0x00007f7549d01000)
	libsasl2.so.3 => /lib64/libsasl2.so.3 (0x00007f7549ae3000)
	libavahi-common.so.3 => /lib64/libavahi-common.so.3 (0x00007f75498d6000)
	libavahi-client.so.3 => /lib64/libavahi-client.so.3 (0x00007f75496c5000)
	libm.so.6 => /lib64/libm.so.6 (0x00007f75493c2000)
	libpthread.so.0 => /lib64/libpthread.so.0 (0x00007f75491a6000)
	libdl.so.2 => /lib64/libdl.so.2 (0x00007f7548fa2000)
	/lib64/ld-linux-x86-64.so.2 (0x00007f754ab15000)
	libnssutil3.so => /lib64/libnssutil3.so (0x00007f7548d75000)
	libplc4.so => /lib64/libplc4.so (0x00007f7548b70000)
	libplds4.so => /lib64/libplds4.so (0x00007f754896c000)
	libz.so.1 => /lib64/libz.so.1 (0x00007f7548755000)
	librt.so.1 => /lib64/librt.so.1 (0x00007f754854d000)
	libresolv.so.2 => /lib64/libresolv.so.2 (0x00007f7548333000)
	libcrypt.so.1 => /lib64/libcrypt.so.1 (0x00007f75480fb000)
	libdbus-1.so.3 => /lib64/libdbus-1.so.3 (0x00007f7547eb3000)
	libfreebl3.so => /lib64/libfreebl3.so (0x00007f7547caf000)

$ ldd qt3to4
	linux-vdso.so.1 =>  (0x00007ffda2189000)
	libQtXml.so.4 => /lib64/libQtXml.so.4 (0x00007f28fafaa000)
	libQtCore.so.4 => /lib64/libQtCore.so.4 (0x00007f28faabf000)
	libpthread.so.0 => /lib64/libpthread.so.0 (0x00007f28fa8a2000)
	libstdc++.so.6 => /lib64/libstdc++.so.6 (0x00007f28fa59a000)
	libm.so.6 => /lib64/libm.so.6 (0x00007f28fa298000)
	libgcc_s.so.1 => /lib64/libgcc_s.so.1 (0x00007f28fa081000)
	libc.so.6 => /lib64/libc.so.6 (0x00007f28f9cc0000)
	libz.so.1 => /lib64/libz.so.1 (0x00007f28f9aaa000)
	libdl.so.2 => /lib64/libdl.so.2 (0x00007f28f98a5000)
	libgthread-2.0.so.0 => /lib64/libgthread-2.0.so.0 (0x00007f28f96a3000)
	libglib-2.0.so.0 => /lib64/libglib-2.0.so.0 (0x00007f28f936c000)
	librt.so.1 => /lib64/librt.so.1 (0x00007f28f9163000)
	/lib64/ld-linux-x86-64.so.2 (0x00007f28fb214000)

$ ldd sadf
	linux-vdso.so.1 =>  (0x00007fffdedb4000)
	libc.so.6 => /lib64/libc.so.6 (0x00007f756ddd6000)
	/lib64/ld-linux-x86-64.so.2 (0x00007f756e1bd000)

$ ldd smbget
	linux-vdso.so.1 =>  (0x00007ffee7f5d000)
	libpthread.so.0 => /lib64/libpthread.so.0 (0x00007f298f1bb000)
	libpopt-samba3-samba4.so => /usr/lib64/samba/libpopt-samba3-samba4.so (0x00007f298efb5000)
	libsmbclient.so.0 => /lib64/libsmbclient.so.0 (0x00007f298ed8e000)
	libsamba-util.so.0 => /lib64/libsamba-util.so.0 (0x00007f298eb18000)
	libtalloc.so.2 => /lib64/libtalloc.so.2 (0x00007f298e906000)
	libpopt.so.0 => /lib64/libpopt.so.0 (0x00007f298e6fc000)
	libc.so.6 => /lib64/libc.so.6 (0x00007f298e33b000)
	/lib64/ld-linux-x86-64.so.2 (0x00007f298f604000)
	libutil-cmdline-samba4.so => /usr/lib64/samba/libutil-cmdline-samba4.so (0x00007f298e136000)
	libsamba-debug-samba4.so => /usr/lib64/samba/libsamba-debug-samba4.so (0x00007f298df30000)
	libsmbconf.so.0 => /lib64/libsmbconf.so.0 (0x00007f298dcc3000)
	libsamba-hostconfig.so.0 => /lib64/libsamba-hostconfig.so.0 (0x00007f298da98000)
	libtevent-util.so.0 => /lib64/libtevent-util.so.0 (0x00007f298d895000)
	libreplace-samba4.so => /usr/lib64/samba/libreplace-samba4.so (0x00007f298d692000)
	libsamba-errors.so.1 => /lib64/libsamba-errors.so.1 (0x00007f298d34e000)
	liblibcli-lsa3-samba4.so => /usr/lib64/samba/liblibcli-lsa3-samba4.so (0x00007f298d14a000)
	libsamba-security-samba4.so => /usr/lib64/samba/libsamba-security-samba4.so (0x00007f298cf2b000)
	libsamba3-util-samba4.so => /usr/lib64/samba/libsamba3-util-samba4.so (0x00007f298cd20000)
	liblibsmb-samba4.so => /usr/lib64/samba/liblibsmb-samba4.so (0x00007f298cab6000)
	libmsrpc3-samba4.so => /usr/lib64/samba/libmsrpc3-samba4.so (0x00007f298c896000)
	libndr.so.0 => /lib64/libndr.so.0 (0x00007f298c67f000)
	libdcerpc-samba-samba4.so => /usr/lib64/samba/libdcerpc-samba-samba4.so (0x00007f298c2e0000)
	libcli-smb-common-samba4.so => /usr/lib64/samba/libcli-smb-common-samba4.so (0x00007f298c0b3000)
	libgse-samba4.so => /usr/lib64/samba/libgse-samba4.so (0x00007f298be8a000)
	libndr-standard.so.0 => /lib64/libndr-standard.so.0 (0x00007f298b96c000)
	libsmbregistry-samba4.so => /usr/lib64/samba/libsmbregistry-samba4.so (0x00007f298b74e000)
	libsecrets3-samba4.so => /usr/lib64/samba/libsecrets3-samba4.so (0x00007f298b542000)
	libtevent.so.0 => /lib64/libtevent.so.0 (0x00007f298b333000)
	libtime-basic-samba4.so => /usr/lib64/samba/libtime-basic-samba4.so (0x00007f298b13000
0)
	libgenrand-samba4.so => /usr/lib64/samba/libgenrand-samba4.so (0x00007f298af2e000)
	libsocket-blocking-samba4.so => /usr/lib64/samba/libsocket-blocking-samba4.so (0x00007f298ad2c000)
	librt.so.1 => /lib64/librt.so.1 (0x00007f298ab23000)
	libsystemd-daemon.so.0 => /lib64/libsystemd-daemon.so.0 (0x00007f298ab1c000)
	libcrypt.so.1 => /lib64/libcrypt.so.1 (0x00007f298a8e5000)
	libdl.so.2 => /lib64/libdl.so.2 (0x00007f298a6e0000)
	libsystemd-journal.so.0 => /lib64/libsystemd-journal.so.0 (0x00007f298a6c1000)
	libmessages-util-samba4.so => /usr/lib64/samba/libmessages-util-samba4.so (0x00007f298a4be000)
	libtalloc-report-samba4.so => /usr/lib64/samba/libtalloc-report-samba4.so (0x00007f298a2bb000)
	libmessages-dgm-samba4.so => /usr/lib64/samba/libmessages-dgm-samba4.so (0x00007f298a0b1000)
	libserver-id-db-samba4.so => /usr/lib64/samba/libserver-id-db-samba4.so (0x00007f2989eac000)
	libdbwrap-samba4.so => /usr/lib64/samba/libdbwrap-samba4.so (0x00007f2989ca1000)
	libCHARSET3-samba4.so => /usr/lib64/samba/libCHARSET3-samba4.so (0x00007f2989a9d000)
	libutil-tdb-samba4.so => /usr/lib64/samba/libutil-tdb-samba4.so (0x00007f2989898000)
	libsamba-cluster-support-samba4.so => /usr/lib64/samba/libsamba-cluster-support-samba4.so (0x00007f2989688000)
	libsys-rw-samba4.so => /usr/lib64/samba/libsys-rw-samba4.so (0x00007f2989485000)
	libutil-reg-samba4.so => /usr/lib64/samba/libutil-reg-samba4.so (0x00007f2989281000)
	libsamba-sockets-samba4.so => /usr/lib64/samba/libsamba-sockets-samba4.so (0x00007f2989069000)
	libinterfaces-samba4.so => /usr/lib64/samba/libinterfaces-samba4.so (0x00007f2988e66000)
	libsmbd-shim-samba4.so => /usr/lib64/samba/libsmbd-shim-samba4.so (0x00007f2988c62000)
	libutil-setid-samba4.so => /usr/lib64/samba/libutil-setid-samba4.so (0x00007f2988a60000)
	libtevent-unix-util.so.0 => /lib64/libtevent-unix-util.so.0 (0x00007f298885e000)
	libtdb-wrap-samba4.so => /usr/lib64/samba/libtdb-wrap-samba4.so (0x00007f298865a000)
	libsmb-transport-samba4.so => /usr/lib64/samba/libsmb-transport-samba4.so (0x00007f2988455000)
	libserver-role-samba4.so => /usr/lib64/samba/libserver-role-samba4.so (0x00007f2988252000)
	libnsl.so.1 => /lib64/libnsl.so.1 (0x00007f2988038000)
	libcap.so.2 => /lib64/libcap.so.2 (0x00007f2987e33000)
	liblber-2.4.so.2 => /lib64/liblber-2.4.so.2 (0x00007f2987c24000)
	libtdb.so.1 => /lib64/libtdb.so.1 (0x00007f2987a0d000)
	libldap-2.4.so.2 => /lib64/libldap-2.4.so.2 (0x00007f29877ba000)
	libcli-cldap-samba4.so => /usr/lib64/samba/libcli-cldap-samba4.so (0x00007f29875b1000)
	libcliauth-samba4.so => /usr/lib64/samba/libcliauth-samba4.so (0x00007f298739e000)
	libkrb5samba-samba4.so => /usr/lib64/samba/libkrb5samba-samba4.so (0x00007f2987193000)
	libgensec-samba4.so => /usr/lib64/samba/libgensec-samba4.so (0x00007f2986f69000)
	libasn1util-samba4.so => /usr/lib64/samba/libasn1util-samba4.so (0x00007f2986d63000)
	libndr-nbt.so.0 => /lib64/libndr-nbt.so.0 (0x00007f2986b4d000)
	libsamba-credentials.so.0 => /lib64/libsamba-credentials.so.0 (0x00007f298693a000)
	libcom_err.so.2 => /lib64/libcom_err.so.2 (0x00007f2986736000)
	libndr-samba-samba4.so => /usr/lib64/samba/libndr-samba-samba4.so (0x00007f2986403000)
	libdcerpc-binding.so.0 => /lib64/libdcerpc-binding.so.0 (0x00007f29861e3000)
	libiov-buf-samba4.so => /usr/lib64/samba/libiov-buf-samba4.so (0x00007f2985fe0000)
	libaddns-samba4.so => /usr/lib64/samba/libaddns-samba4.so (0x00007f2985dd5000)
	libauthkrb5-samba4.so => /usr/lib64/samba/libauthkrb5-samba4.so (0x00007f2985bc8000)
	libcli-nbt-samba4.so => /usr/lib64/samba/libcli-nbt-samba4.so (0x00007f29859bc000)
	libkrb5.so.3 => /lib64/libkrb5.so.3 (0x00007f29856d5000)
	libgssapi_krb5.so.2 => /lib64/libgssapi_krb5.so.2 (0x00007f2985487000)
	libm.so.6 => /lib64/libm.so.6 (0x00007f2985184000)
	libdw.so.1 => /lib64/libdw.so.1 (0x00007f2984f3c000)
	libgcc_s.so.1 => /lib64/libgcc_s.so.1 (0x00007f2984d25000)
	libfreebl3.so => /lib64/libfreebl3.so (0x00007f2984b22000)
	libselinux.so.1 => /lib64/libselinux.so.1 (0x00007f29848fb000)
	liblzma.so.5 => /lib64/liblzma.so.5 (0x00007f29846d4000)
	libgcrypt.so.11 => /lib64/libgcrypt.so.11 (0x00007f2984453000)
	libgpg-error.so.0 => /lib64/libgpg-error.so.0 (0x00007f298424e000)
	libmsghdr-samba4.so => /usr/lib64/samba/libmsghdr-samba4.so (0x00007f298404a000)
	libattr.so.1 => /lib64/libattr.so.1 (0x00007f2983e44000)
	libresolv.so.2 => /lib64/libresolv.so.2 (0x00007f2983c2a000)
	libsasl2.so.3 => /lib64/libsasl2.so.3 (0x00007f2983a0d000)
	libssl3.so => /lib64/libssl3.so (0x00007f29837c9000)
	libsmime3.so => /lib64/libsmime3.so (0x00007f29835a2000)
	libnss3.so => /lib64/libnss3.so (0x00007f298327c000)
	libnssutil3.so => /lib64/libnssutil3.so (0x00007f298304f000)
	libplds4.so => /lib64/libplds4.so (0x00007f2982e4b000)
	libplc4.so => /lib64/libplc4.so (0x00007f2982c46000)
	libnspr4.so => /lib64/libnspr4.so (0x00007f2982a07000)
	libcli-ldap-common-samba4.so => /usr/lib64/samba/libcli-ldap-common-samba4.so (0x00007f29827ff000)
	libldb.so.1 => /lib64/libldb.so.1 (0x00007f29825d0000)
	libk5crypto.so.3 => /lib64/libk5crypto.so.3 (0x00007f298239d000)
	libwbclient.so.0 => /lib64/libwbclient.so.0 (0x00007f298218e000)
	libsamba-modules-samba4.so => /usr/lib64/samba/libsamba-modules-samba4.so (0x00007f2981f8a000)
	libsamdb.so.0 => /lib64/libsamdb.so.0 (0x00007f2981d73000)
	libsamdb-common-samba4.so => /usr/lib64/samba/libsamdb-common-samba4.so (0x00007f2981b49000)
	libldbsamba-samba4.so => /usr/lib64/samba/libldbsamba-samba4.so (0x00007f298191d000)
	libz.so.1 => /lib64/libz.so.1 (0x00007f2981706000)
	libndr-krb5pac.so.0 => /lib64/libndr-krb5pac.so.0 (0x00007f29814fc000)
	libauth-sam-reply-samba4.so => /usr/lib64/samba/libauth-sam-reply-samba4.so (0x00007f29812f7000)
	libkrb5support.so.0 => /lib64/libkrb5support.so.0 (0x00007f29810e8000)
	libkeyutils.so.1 => /lib64/libkeyutils.so.1 (0x00007f2980ee3000)
	libelf.so.1 => /lib64/libelf.so.1 (0x00007f2980ccb000)
	libbz2.so.1 => /lib64/libbz2.so.1 (0x00007f2980aba000)
	libpcre.so.1 => /lib64/libpcre.so.1 (0x00007f2980859000)
	libwinbind-client-samba4.so => /usr/lib64/samba/libwinbind-client-samba4.so (0x00007f2980654000)
	libflag-mapping-samba4.so => /usr/lib64/samba/libflag-mapping-samba4.so (0x00007f2980451000)

$ ldd systemd-tty-ask-password-agent
	linux-vdso.so.1 =>  (0x00007ffe33758000)
	libselinux.so.1 => /lib64/libselinux.so.1 (0x00007fcf7c1cc000)
	libgcc_s.so.1 => /lib64/libgcc_s.so.1 (0x00007fcf7bfb6000)
	libpthread.so.0 => /lib64/libpthread.so.0 (0x00007fcf7bd99000)
	libc.so.6 => /lib64/libc.so.6 (0x00007fcf7b9d8000)
	/lib64/ld-linux-x86-64.so.2 (0x00007fcf7c42a000)
	libpcre.so.1 => /lib64/libpcre.so.1 (0x00007fcf7b777000)
	libdl.so.2 => /lib64/libdl.so.2 (0x00007fcf7b572000)

$ ldd uil
	linux-vdso.so.1 =>  (0x00007ffcc8be2000)
	libUil.so.4 => /lib64/libUil.so.4 (0x00007f04bd1e8000)
	libMrm.so.4 => /lib64/libMrm.so.4 (0x00007f04bcfc1000)
	libXm.so.4 => /lib64/libXm.so.4 (0x00007f04bcaed000)
	libSM.so.6 => /lib64/libSM.so.6 (0x00007f04bc8e5000)
	libICE.so.6 => /lib64/libICE.so.6 (0x00007f04bc6c9000)
	libXmu.so.6 => /lib64/libXmu.so.6 (0x00007f04bc4ad000)
	libXt.so.6 => /lib64/libXt.so.6 (0x00007f04bc246000)
	libXext.so.6 => /lib64/libXext.so.6 (0x00007f04bc034000)
	libX11.so.6 => /lib64/libX11.so.6 (0x00007f04bbcf5000)
	libXp.so.6 => /lib64/libXp.so.6 (0x00007f04bbaec000)
	libXft.so.2 => /lib64/libXft.so.2 (0x00007f04bb8d6000)
	libjpeg.so.62 => /lib64/libjpeg.so.62 (0x00007f04bb680000)
	libpng15.so.15 => /lib64/libpng15.so.15 (0x00007f04bb455000)
	libc.so.6 => /lib64/libc.so.6 (0x00007f04bb094000)
	libuuid.so.1 => /lib64/libuuid.so.1 (0x00007f04bae8e000)
	libxcb.so.1 => /lib64/libxcb.so.1 (0x00007f04bac6c000)
	libdl.so.2 => /lib64/libdl.so.2 (0x00007f04baa67000)
	libXau.so.6 => /lib64/libXau.so.6 (0x00007f04ba863000)
	libfontconfig.so.1 => /lib64/libfontconfig.so.1 (0x00007f04ba626000)
	libfreetype.so.6 => /lib64/libfreetype.so.6 (0x00007f04ba37f000)
	libXrender.so.1 => /lib64/libXrender.so.1 (0x00007f04ba175000)
	libz.so.1 => /lib64/libz.so.1 (0x00007f04b9f5f000)
	libm.so.6 => /lib64/libm.so.6 (0x00007f04b9c5c000)
	/lib64/ld-linux-x86-64.so.2 (0x00007f04bd497000)
	libexpat.so.1 => /lib64/libexpat.so.1 (0x00007f04b9a32000)
	libpthread.so.0 => /lib64/libpthread.so.0 (0x00007f04b9816000)

$ ldd x86_64-redhat-linux-c++
	linux-vdso.so.1 =>  (0x00007ffcd7796000)
	libm.so.6 => /lib64/libm.so.6 (0x00007fbf3b74c000)
	libc.so.6 => /lib64/libc.so.6 (0x00007fbf3b38b000)
	/lib64/ld-linux-x86-64.so.2 (0x00007fbf3ba74000)

$ ldd xzegrep
	not a dynamic executable

After running all these commands, we found ‘not a dynamic executable’ in some of these commands, because these files are either a bash, python or perl scripts. 


6. Get a sorted list of every dynamic library 

After investigating all the errors, I saved all the output into the file called ‘list’ and then I use the command to sort dynamic libraries 

$ cat list | grep so | sed 's/([^()]*)$//g' | sort -u
or 
$ cat list | sed 's/[\(\)].*//' | sort -u -

	/lib64/ld-linux-x86-64.so.2 
	libacl.so.1 => /lib64/libacl.so.1 
	libaddns-samba4.so => /usr/lib64/samba/libaddns-samba4.so 
	libakonadi-contact.so.4 => /lib64/libakonadi-contact.so.4 
	libakonadi-kde.so.4 => /lib64/libakonadi-kde.so.4 
	libakonadiprotocolinternals.so.1 => /lib64/libakonadiprotocolinternals.so.1 
	libasn1util-samba4.so => /usr/lib64/samba/libasn1util-samba4.so 
	libasound.so.2 => /lib64/libasound.so.2 
	libassuan.so.0 => /lib64/libassuan.so.0 
	libasyncns.so.0 => /lib64/libasyncns.so.0 
	libattica.so.0.4 => /lib64/libattica.so.0.4 
	libattr.so.1 => /lib64/libattr.so.1 
	libauthkrb5-samba4.so => /usr/lib64/samba/libauthkrb5-samba4.so 
	libauth-sam-reply-samba4.so => /usr/lib64/samba/libauth-sam-reply-samba4.so 
	libavahi-client.so.3 => /lib64/libavahi-client.so.3 
	libavahi-common.so.3 => /lib64/libavahi-common.so.3 
	libbabl-0.1.so.0 => /lib64/libbabl-0.1.so.0 
	libbz2.so.1 => /lib64/libbz2.so.1 
	libcairo.so.2 => /lib64/libcairo.so.2 
	libcap.so.2 => /lib64/libcap.so.2 
	libCHARSET3-samba4.so => /usr/lib64/samba/libCHARSET3-samba4.so 
	libcliauth-samba4.so => /usr/lib64/samba/libcliauth-samba4.so 
	libcli-cldap-samba4.so => /usr/lib64/samba/libcli-cldap-samba4.so 
	libcli-ldap-common-samba4.so => /usr/lib64/samba/libcli-ldap-common-samba4.so 
	libcli-nbt-samba4.so => /usr/lib64/samba/libcli-nbt-samba4.so 
	libcli-smb-common-samba4.so => /usr/lib64/samba/libcli-smb-common-samba4.so 
	libcom_err.so.2 => /lib64/libcom_err.so.2 
	libcrypto.so.10 => /lib64/libcrypto.so.10 
	libcrypt.so.1 => /lib64/libcrypt.so.1 
	libc.so.6 => /lib64/libc.so.6 
	libdbus-1.so.3 => /lib64/libdbus-1.so.3 
	libdbusmenu-qt.so.2 => /lib64/libdbusmenu-qt.so.2 
	libdbwrap-samba4.so => /usr/lib64/samba/libdbwrap-samba4.so 
	libdcerpc-binding.so.0 => /lib64/libdcerpc-binding.so.0 
	libdcerpc-samba-samba4.so => /usr/lib64/samba/libdcerpc-samba-samba4.so 
	libdl.so.2 => /lib64/libdl.so.2 
	libdrm.so.2 => /lib64/libdrm.so.2 
	libdw.so.1 => /lib64/libdw.so.1 
	libEGL.so.1 => /lib64/libEGL.so.1 
	libelf.so.1 => /lib64/libelf.so.1 
	libexpat.so.1 => /lib64/libexpat.so.1 
	libfam.so.0 => /lib64/libfam.so.0 
	libffi.so.6 => /lib64/libffi.so.6 
	libFLAC.so.8 => /lib64/libFLAC.so.8 
	libflag-mapping-samba4.so => /usr/lib64/samba/libflag-mapping-samba4.so 
	libfontconfig.so.1 => /lib64/libfontconfig.so.1 
	libfreebl3.so => /lib64/libfreebl3.so 
	libfreetype.so.6 => /lib64/libfreetype.so.6 
	libgbm.so.1 => /lib64/libgbm.so.1 
	libgcc_s.so.1 => /lib64/libgcc_s.so.1 
	libgcrypt.so.11 => /lib64/libgcrypt.so.11 
	libgdk_pixbuf-2.0.so.0 => /lib64/libgdk_pixbuf-2.0.so.0 
	libgegl-0.2.so.0 => /lib64/libgegl-0.2.so.0 
	libgenrand-samba4.so => /usr/lib64/samba/libgenrand-samba4.so 
	libgensec-samba4.so => /usr/lib64/samba/libgensec-samba4.so 
	libgimpbase-2.0.so.0 => /lib64/libgimpbase-2.0.so.0 
	libgimpcolor-2.0.so.0 => /lib64/libgimpcolor-2.0.so.0 
	libgimpconfig-2.0.so.0 => /lib64/libgimpconfig-2.0.so.0 
	libgimpmath-2.0.so.0 => /lib64/libgimpmath-2.0.so.0 
	libgimpmodule-2.0.so.0 => /lib64/libgimpmodule-2.0.so.0 
	libgimpthumb-2.0.so.0 => /lib64/libgimpthumb-2.0.so.0 
	libgio-2.0.so.0 => /lib64/libgio-2.0.so.0 
	libglapi.so.0 => /lib64/libglapi.so.0 
	libglib-2.0.so.0 => /lib64/libglib-2.0.so.0 
	libGL.so.1 => /lib64/libGL.so.1 
	libgmodule-2.0.so.0 => /lib64/libgmodule-2.0.so.0 
	libgobject-2.0.so.0 => /lib64/libgobject-2.0.so.0 
	libgpg-error.so.0 => /lib64/libgpg-error.so.0 
	libgpgme-pthread.so.11 => /lib64/libgpgme-pthread.so.11 
	libgpgme++-pthread.so.2 => /lib64/libgpgme++-pthread.so.2 
	libgraphite2.so.3 => /lib64/libgraphite2.so.3 
	libgse-samba4.so => /usr/lib64/samba/libgse-samba4.so 
	libgsm.so.1 => /lib64/libgsm.so.1 
	libgssapi_krb5.so.2 => /lib64/libgssapi_krb5.so.2 
	libgthread-2.0.so.0 => /lib64/libgthread-2.0.so.0 
	libharfbuzz.so.0 => /lib64/libharfbuzz.so.0 
	libical.so.1 => /lib64/libical.so.1 
	libicalss.so.1 => /lib64/libicalss.so.1 
	libICE.so.6 => /lib64/libICE.so.6 
	libinterfaces-samba4.so => /usr/lib64/samba/libinterfaces-samba4.so 
	libiov-buf-samba4.so => /usr/lib64/samba/libiov-buf-samba4.so 
	libjli.so => not found
	libjpeg.so.62 => /lib64/libjpeg.so.62 
	libjson-c.so.2 => /lib64/libjson-c.so.2 
	libk5crypto.so.3 => /lib64/libk5crypto.so.3 
	libkabc.so.4 => /lib64/libkabc.so.4 
	libkcalcore.so.4 => /lib64/libkcalcore.so.4 
	libkcmutils.so.4 => /lib64/libkcmutils.so.4 
	libkdecore.so.5 => /lib64/libkdecore.so.5 
	libkdepim.so.4 => /lib64/libkdepim.so.4 
	libkdeui.so.5 => /lib64/libkdeui.so.5 
	libkemoticons.so.4 => /lib64/libkemoticons.so.4 
	libkeyutils.so.1 => /lib64/libkeyutils.so.1 
	libkio.so.5 => /lib64/libkio.so.5 
	libkldap.so.4 => /lib64/libkldap.so.4 
	libkleo.so.4 => /lib64/libkleo.so.4 
	libkmime.so.4 => /lib64/libkmime.so.4 
	libkpimidentities.so.4 => /lib64/libkpimidentities.so.4 
	libkpimtextedit.so.4 => /lib64/libkpimtextedit.so.4 
	libkpimutils.so.4 => /lib64/libkpimutils.so.4 
	libkrb5samba-samba4.so => /usr/lib64/samba/libkrb5samba-samba4.so 
	libkrb5.so.3 => /lib64/libkrb5.so.3 
	libkrb5support.so.0 => /lib64/libkrb5support.so.0 
	libkresources.so.4 => /lib64/libkresources.so.4 
	liblber-2.4.so.2 => /lib64/liblber-2.4.so.2 
	libldap-2.4.so.2 => /lib64/libldap-2.4.so.2 
	libldbsamba-samba4.so => /usr/lib64/samba/libldbsamba-samba4.so 
	libldb.so.1 => /lib64/libldb.so.1 
	libldns.so.1 => /lib64/libldns.so.1 
	liblibcli-lsa3-samba4.so => /usr/lib64/samba/liblibcli-lsa3-samba4.so 
	liblibsmb-samba4.so => /usr/lib64/samba/liblibsmb-samba4.so 
	liblzma.so.5 => /lib64/liblzma.so.5 
	libmessages-dgm-samba4.so => /usr/lib64/samba/libmessages-dgm-samba4.so 
	libmessages-util-samba4.so => /usr/lib64/samba/libmessages-util-samba4.so 
	libMrm.so.4 => /lib64/libMrm.so.4 
	libmsghdr-samba4.so => /usr/lib64/samba/libmsghdr-samba4.so 
	libm.so.6 => /lib64/libm.so.6 
	libmsrpc3-samba4.so => /usr/lib64/samba/libmsrpc3-samba4.so 
	libndr-krb5pac.so.0 => /lib64/libndr-krb5pac.so.0 
	libndr-nbt.so.0 => /lib64/libndr-nbt.so.0 
	libndr-samba-samba4.so => /usr/lib64/samba/libndr-samba-samba4.so 
	libndr.so.0 => /lib64/libndr.so.0 
	libndr-standard.so.0 => /lib64/libndr-standard.so.0 
	libnepomukcore.so.4 => /lib64/libnepomukcore.so.4 
	libnepomukquery.so.4 => /lib64/libnepomukquery.so.4 
	libnepomuk.so.4 => /lib64/libnepomuk.so.4 
	libnepomukutils.so.4 => /lib64/libnepomukutils.so.4 
	libnsl.so.1 => /lib64/libnsl.so.1 
	libnspr4.so => /lib64/libnspr4.so 
	libnss3.so => /lib64/libnss3.so 
	libnssutil3.so => /lib64/libnssutil3.so 
	libogg.so.0 => /lib64/libogg.so.0 
	libpango-1.0.so.0 => /lib64/libpango-1.0.so.0 
	libpangocairo-1.0.so.0 => /lib64/libpangocairo-1.0.so.0 
	libpangoft2-1.0.so.0 => /lib64/libpangoft2-1.0.so.0 
	libpcap.so.1 => /lib64/libpcap.so.1 
	libpcp.so.3 => /lib64/libpcp.so.3 
	libpcre.so.1 => /lib64/libpcre.so.1 
	libphonon.so.4 => /lib64/libphonon.so.4 
	libpixman-1.so.0 => /lib64/libpixman-1.so.0 
	libplc4.so => /lib64/libplc4.so 
	libplds4.so => /lib64/libplds4.so 
	libpng15.so.15 => /lib64/libpng15.so.15 
	libpopt-samba3-samba4.so => /usr/lib64/samba/libpopt-samba3-samba4.so 
	libpopt.so.0 => /lib64/libpopt.so.0 
	libpthread.so.0 => /lib64/libpthread.so.0 
	libpulsecommon-6.0.so => /usr/lib64/pulseaudio/libpulsecommon-6.0.so 
	libpulse-mainloop-glib.so.0 => /lib64/libpulse-mainloop-glib.so.0 
	libpulse.so.0 => /lib64/libpulse.so.0 
	libqca.so.2 => /lib64/libqca.so.2 
	libqgpgme.so.1 => /lib64/libqgpgme.so.1 
	libQtCore.so.4 => /lib64/libQtCore.so.4 
	libQtDBus.so.4 => /lib64/libQtDBus.so.4 
	libQtGui.so.4 => /lib64/libQtGui.so.4 
	libQtNetwork.so.4 => /lib64/libQtNetwork.so.4 
	libQtSql.so.4 => /lib64/libQtSql.so.4 
	libQtSvg.so.4 => /lib64/libQtSvg.so.4 
	libQtXml.so.4 => /lib64/libQtXml.so.4 
	libreplace-samba4.so => /usr/lib64/samba/libreplace-samba4.so 
	libresolv.so.2 => /lib64/libresolv.so.2 
	librt.so.1 => /lib64/librt.so.1 
	libsamba3-util-samba4.so => /usr/lib64/samba/libsamba3-util-samba4.so 
	libsamba-cluster-support-samba4.so => /usr/lib64/samba/libsamba-cluster-support-samba4.so 
	libsamba-credentials.so.0 => /lib64/libsamba-credentials.so.0 
	libsamba-debug-samba4.so => /usr/lib64/samba/libsamba-debug-samba4.so 
	libsamba-errors.so.1 => /lib64/libsamba-errors.so.1 
	libsamba-hostconfig.so.0 => /lib64/libsamba-hostconfig.so.0 
	libsamba-modules-samba4.so => /usr/lib64/samba/libsamba-modules-samba4.so 
	libsamba-security-samba4.so => /usr/lib64/samba/libsamba-security-samba4.so 
	libsamba-sockets-samba4.so => /usr/lib64/samba/libsamba-sockets-samba4.so 
	libsamba-util.so.0 => /lib64/libsamba-util.so.0 
	libsamdb-common-samba4.so => /usr/lib64/samba/libsamdb-common-samba4.so 
	libsamdb.so.0 => /lib64/libsamdb.so.0 
	libsasl2.so.3 => /lib64/libsasl2.so.3 
	libsecrets3-samba4.so => /usr/lib64/samba/libsecrets3-samba4.so 
	libselinux.so.1 => /lib64/libselinux.so.1 
	libserver-id-db-samba4.so => /usr/lib64/samba/libserver-id-db-samba4.so 
	libserver-role-samba4.so => /usr/lib64/samba/libserver-role-samba4.so 
	libsmbclient.so.0 => /lib64/libsmbclient.so.0 
	libsmbconf.so.0 => /lib64/libsmbconf.so.0 
	libsmbd-shim-samba4.so => /usr/lib64/samba/libsmbd-shim-samba4.so 
	libsmbregistry-samba4.so => /usr/lib64/samba/libsmbregistry-samba4.so 
	libsmb-transport-samba4.so => /usr/lib64/samba/libsmb-transport-samba4.so 
	libsmime3.so => /lib64/libsmime3.so 
	libSM.so.6 => /lib64/libSM.so.6 
	libsndfile.so.1 => /lib64/libsndfile.so.1 
	libsocket-blocking-samba4.so => /usr/lib64/samba/libsocket-blocking-samba4.so 
	libsolid.so.4 => /lib64/libsolid.so.4 
	libsopranoclient.so.1 => /lib64/libsopranoclient.so.1 
	libsoprano.so.4 => /lib64/libsoprano.so.4 
	libssl3.so => /lib64/libssl3.so 
	libssl.so.10 => /lib64/libssl.so.10 
	libstdc++.so.6 => /lib64/libstdc++.so.6 
	libstreamanalyzer.so.0 => /lib64/libstreamanalyzer.so.0 
	libstreams.so.0 => /lib64/libstreams.so.0 
	libsys-rw-samba4.so => /usr/lib64/samba/libsys-rw-samba4.so 
	libsystemd-daemon.so.0 => /lib64/libsystemd-daemon.so.0 
	libsystemd-journal.so.0 => /lib64/libsystemd-journal.so.0 
	libsystemd.so.0 => /lib64/libsystemd.so.0 
	libtalloc-report-samba4.so => /usr/lib64/samba/libtalloc-report-samba4.so 
	libtalloc.so.2 => /lib64/libtalloc.so.2 
	libtdb.so.1 => /lib64/libtdb.so.1 
	libtdb-wrap-samba4.so => /usr/lib64/samba/libtdb-wrap-samba4.so 
	libtevent.so.0 => /lib64/libtevent.so.0 
	libtevent-unix-util.so.0 => /lib64/libtevent-unix-util.so.0 
	libtevent-util.so.0 => /lib64/libtevent-util.so.0 
	libtime-basic-samba4.so => /usr/lib64/samba/libtime-basic-samba4.so (0x00007f298b13000
	libudev.so.1 => /lib64/libudev.so.1 
	libUil.so.4 => /lib64/libUil.so.4 
	libutil-cmdline-samba4.so => /usr/lib64/samba/libutil-cmdline-samba4.so 
	libutil-reg-samba4.so => /usr/lib64/samba/libutil-reg-samba4.so 
	libutil-setid-samba4.so => /usr/lib64/samba/libutil-setid-samba4.so 
	libutil-tdb-samba4.so => /usr/lib64/samba/libutil-tdb-samba4.so 
	libuuid.so.1 => /lib64/libuuid.so.1 
	libvorbisenc.so.2 => /lib64/libvorbisenc.so.2 
	libvorbis.so.0 => /lib64/libvorbis.so.0 
	libwbclient.so.0 => /lib64/libwbclient.so.0 
	libwinbind-client-samba4.so => /usr/lib64/samba/libwinbind-client-samba4.so 
	libwrap.so.0 => /lib64/libwrap.so.0 
	libX11.so.6 => /lib64/libX11.so.6 
	libX11-xcb.so.1 => /lib64/libX11-xcb.so.1 
	libXau.so.6 => /lib64/libXau.so.6 
	libxcb-dri2.so.0 => /lib64/libxcb-dri2.so.0 
	libxcb-dri3.so.0 => /lib64/libxcb-dri3.so.0 
	libxcb-glx.so.0 => /lib64/libxcb-glx.so.0 
	libxcb-present.so.0 => /lib64/libxcb-present.so.0 
	libxcb-randr.so.0 => /lib64/libxcb-randr.so.0 
	libxcb-render.so.0 => /lib64/libxcb-render.so.0 
	libxcb-shape.so.0 => /lib64/libxcb-shape.so.0 
	libxcb-shm.so.0 => /lib64/libxcb-shm.so.0 
	libxcb.so.1 => /lib64/libxcb.so.1 
	libxcb-sync.so.1 => /lib64/libxcb-sync.so.1 
	libxcb-xfixes.so.0 => /lib64/libxcb-xfixes.so.0 
	libXcursor.so.1 => /lib64/libXcursor.so.1 
	libXdamage.so.1 => /lib64/libXdamage.so.1 
	libXext.so.6 => /lib64/libXext.so.6 
	libXfixes.so.3 => /lib64/libXfixes.so.3 
	libXft.so.2 => /lib64/libXft.so.2 
	libXinerama.so.1 => /lib64/libXinerama.so.1 
	libXi.so.6 => /lib64/libXi.so.6 
	libxml2.so.2 => /lib64/libxml2.so.2 
	libXm.so.4 => /lib64/libXm.so.4 
	libXmu.so.6 => /lib64/libXmu.so.6 
	libXpm.so.4 => /lib64/libXpm.so.4 
	libXp.so.6 => /lib64/libXp.so.6 
	libXrandr.so.2 => /lib64/libXrandr.so.2 
	libXrender.so.1 => /lib64/libXrender.so.1 
	libxshmfence.so.1 => /lib64/libxshmfence.so.1 
	libXt.so.6 => /lib64/libXt.so.6 
	libXtst.so.6 => /lib64/libXtst.so.6 
	libXxf86vm.so.1 => /lib64/libXxf86vm.so.1 
	libz.so.1 => /lib64/libz.so.1 
	linux-vdso.so.1 =>  



